// Jest Snapshot v1, https://goo.gl/fbAQLP

exports[`<App /> suite renders correctly 1`] = `ReactWrapper {}`;
